// Jest Snapshot v1, https://goo.gl/fbAQLP

exports[`ArtistCard Snapshot 1`] = `
<div
  className="artist-card"
>
  <div
    className="left-area"
  >
    <div>
      <img
        className="image-area"
      />
    </div>
    <div
      className="left-text"
    >
      <span>
        Artist
      </span>
    </div>
  </div>
  <div
    className="right-area"
  >
    <div>
      listeners : 
    </div>
    <div>
      playcount : 
    </div>
  </div>
</div>
`;
